[Config] Mode: TRAIN, Target: HIDER, Stage: initial
--- [Parent] 1. Initializing 8 workers ---
--- [Parent] 2. Parallel environment ready ---
wandb: [wandb.login()] Loaded credentials for https://api.wandb.ai from /Users/dan/.netrc.
wandb: Currently logged in as: aquapathos to https://api.wandb.ai. Use `wandb login --relogin` to force relogin
wandb: setting up run mrwe3ktn
wandb: Tracking run with wandb version 0.24.0
wandb: Run data is saved locally in /Users/dan/Desktop/Semi/hideandseek_xformer/wandb/run-20260217_190534-mrwe3ktn
wandb: Run `wandb offline` to turn off syncing.
wandb: Syncing run HideAndSeekV23_initial_HIDER_1771322730
wandb: ⭐️ View project at https://wandb.ai/aquapathos/HideAndSeek_Transformer_Project
wandb: 🚀 View run at https://wandb.ai/aquapathos/HideAndSeek_Transformer_Project/runs/mrwe3ktn
[Training] LOAD_EXISTING_MODELS=False, training from scratch
--- Training Sequence Started (v25.62) ---
Update    3, SPS:  682, EpRet:   685.8, Hidden:  166.4, Caught:  133.6
Update    5, SPS:  755, EpRet:   549.4, Hidden:  138.6, Caught:  161.4
Update    8, SPS:  825, EpRet:   767.3, Hidden:  187.6, Caught:  112.4
Update   10, SPS:  849, EpRet:   730.8, Hidden:  170.6, Caught:  129.4
Update   12, SPS:  870, EpRet:   547.9, Hidden:  146.8, Caught:  153.2
Update   15, SPS:  883, EpRet:   736.9, Hidden:  169.6, Caught:  130.4
Update   17, SPS:  892, EpRet:   534.2, Hidden:  143.1, Caught:  156.9
Update   19, SPS:  899, EpRet:   791.3, Hidden:  178.0, Caught:  122.0
Update   22, SPS:  906, EpRet:   621.3, Hidden:  163.0, Caught:  137.0
Update   24, SPS:  916, EpRet:   590.8, Hidden:  156.2, Caught:  143.8
Update   26, SPS:  919, EpRet:   820.0, Hidden:  189.9, Caught:  110.1
Update   29, SPS:  905, EpRet:   627.1, Hidden:  157.0, Caught:  143.0
Update   31, SPS:  909, EpRet:   675.0, Hidden:  162.4, Caught:  137.6
Update   33, SPS:  913, EpRet:   581.8, Hidden:  144.8, Caught:  155.2
Update   36, SPS:  920, EpRet:   806.2, Hidden:  185.8, Caught:  114.2
Update   38, SPS:  922, EpRet:   424.2, Hidden:  113.5, Caught:  186.5
Update   40, SPS:  921, EpRet:   572.5, Hidden:  154.0, Caught:  146.0
Update   43, SPS:  921, EpRet:   445.0, Hidden:  121.4, Caught:  178.6
Update   45, SPS:  925, EpRet:   510.3, Hidden:  132.4, Caught:  167.6
Update   48, SPS:  916, EpRet:   660.4, Hidden:  158.4, Caught:  141.6
Update   50, SPS:  912, EpRet:   640.9, Hidden:  156.8, Caught:  143.2
Update   52, SPS:  908, EpRet:   479.8, Hidden:  130.8, Caught:  169.2
Update   55, SPS:  916, EpRet:   632.4, Hidden:  154.1, Caught:  145.9
Update   57, SPS:  918, EpRet:   571.1, Hidden:  141.4, Caught:  158.6
Update   59, SPS:  915, EpRet:   604.6, Hidden:  150.6, Caught:  149.4
Update   62, SPS:  918, EpRet:   606.8, Hidden:  143.5, Caught:  156.5
Update   64, SPS:  920, EpRet:   519.6, Hidden:  139.9, Caught:  160.1
Update   66, SPS:  922, EpRet:   540.4, Hidden:  134.6, Caught:  165.4
Update   69, SPS:  922, EpRet:   456.6, Hidden:  123.6, Caught:  176.4
Update   71, SPS:  916, EpRet:   683.5, Hidden:  158.8, Caught:  141.2
Update   73, SPS:  918, EpRet:   512.4, Hidden:  140.4, Caught:  159.6
Update   76, SPS:  919, EpRet:   553.8, Hidden:  142.2, Caught:  157.8
Update   78, SPS:  915, EpRet:   569.1, Hidden:  141.2, Caught:  158.8
Update   80, SPS:  918, EpRet:   637.8, Hidden:  149.1, Caught:  150.9
Update   83, SPS:  918, EpRet:   576.7, Hidden:  147.0, Caught:  153.0
Update   85, SPS:  920, EpRet:   521.6, Hidden:  144.6, Caught:  155.4
Update   87, SPS:  920, EpRet:   573.5, Hidden:  139.4, Caught:  160.6
Update   90, SPS:  923, EpRet:   603.7, Hidden:  144.2, Caught:  155.8
Update   92, SPS:  925, EpRet:   766.8, Hidden:  184.1, Caught:  115.9
Update   95, SPS:  927, EpRet:   464.1, Hidden:  129.0, Caught:  171.0
Update   97, SPS:  923, EpRet:   477.9, Hidden:  128.0, Caught:  172.0
Update   99, SPS:  924, EpRet:   728.6, Hidden:  168.9, Caught:  131.1
Update  102, SPS:  927, EpRet:   562.5, Hidden:  153.2, Caught:  146.8
Update  104, SPS:  928, EpRet:   570.5, Hidden:  144.8, Caught:  155.2
Update  106, SPS:  929, EpRet:   588.1, Hidden:  146.2, Caught:  153.8
Update  109, SPS:  930, EpRet:   630.9, Hidden:  151.9, Caught:  148.1
